// Vitest Snapshot v1, https://vitest.dev/guide/snapshot.html

exports[`레이아웃 골든 스냅샷 > bar-chart 출력 고정 1`] = `
[
  {
    "backgroundColor": "#10B981",
    "boundElements": [
      {
        "id": "elem_2",
        "type": "text",
      },
      {
        "id": "elem_9",
        "type": "arrow",
      },
    ],
    "height": 280,
    "id": "elem_1",
    "roughness": 0,
    "strokeColor": "#1F2937",
    "strokeWidth": 2,
    "type": "rectangle",
    "width": 70,
    "x": 100,
    "y": 140,
  },
  {
    "boundElements": null,
    "containerId": "elem_1",
    "fontFamily": 2,
    "fontSize": 16,
    "height": 20,
    "id": "elem_2",
    "roughness": 0,
    "strokeColor": "#F8FAFC",
    "text": "노드 1",
    "textAlign": "center",
    "type": "text",
    "verticalAlign": "middle",
    "width": 50,
    "x": 110,
    "y": 272,
  },
  {
    "backgroundColor": "#3B82F6",
    "boundElements": [
      {
        "id": "elem_4",
        "type": "text",
      },
      {
        "id": "elem_9",
        "type": "arrow",
      },
      {
        "id": "elem_10",
        "type": "arrow",
      },
    ],
    "height": 210,
    "id": "elem_3",
    "roughness": 0,
    "strokeColor": "#1F2937",
    "strokeWidth": 2,
    "type": "rectangle",
    "width": 70,
    "x": 206,
    "y": 210,
  },
  {
    "boundElements": null,
    "containerId": "elem_3",
    "fontFamily": 2,
    "fontSize": 16,
    "height": 20,
    "id": "elem_4",
    "roughness": 0,
    "strokeColor": "#F8FAFC",
    "text": "노드 2",
    "textAlign": "center",
    "type": "text",
    "verticalAlign": "middle",
    "width": 50,
    "x": 216,
    "y": 307,
  },
  {
    "backgroundColor": "#F59E0B",
    "boundElements": [
      {
        "id": "elem_6",
        "type": "text",
      },
      {
        "id": "elem_10",
        "type": "arrow",
      },
      {
        "id": "elem_12",
        "type": "arrow",
      },
    ],
    "height": 140,
    "id": "elem_5",
    "roughness": 0,
    "strokeColor": "#1F2937",
    "strokeWidth": 2,
    "type": "rectangle",
    "width": 70,
    "x": 312,
    "y": 280,
  },
  {
    "boundElements": null,
    "containerId": "elem_5",
    "fontFamily": 2,
    "fontSize": 16,
    "height": 20,
    "id": "elem_6",
    "roughness": 0,
    "strokeColor": "#F8FAFC",
    "text": "노드 3",
    "textAlign": "center",
    "type": "text",
    "verticalAlign": "middle",
    "width": 50,
    "x": 322,
    "y": 342,
  },
  {
    "backgroundColor": "#EF4444",
    "boundElements": [
      {
        "id": "elem_8",
        "type": "text",
      },
      {
        "id": "elem_12",
        "type": "arrow",
      },
    ],
    "height": 70,
    "id": "elem_7",
    "roughness": 0,
    "strokeColor": "#1F2937",
    "strokeWidth": 2,
    "type": "rectangle",
    "width": 70,
    "x": 418,
    "y": 350,
  },
  {
    "boundElements": null,
    "containerId": "elem_7",
    "fontFamily": 2,
    "fontSize": 16,
    "height": 20,
    "id": "elem_8",
    "roughness": 0,
    "strokeColor": "#F8FAFC",
    "text": "노드 4",
    "textAlign": "center",
    "type": "text",
    "verticalAlign": "middle",
    "width": 50,
    "x": 428,
    "y": 377,
  },
  {
    "boundElements": null,
    "endBinding": {
      "elementId": "elem_3",
      "focus": 0,
      "gap": 4,
    },
    "height": 210,
    "id": "elem_9",
    "points": [
      [
        0,
        210,
      ],
      [
        106,
        0,
      ],
    ],
    "roughness": 0,
    "startBinding": {
      "elementId": "elem_1",
      "focus": 0,
      "gap": 4,
    },
    "strokeColor": "#6B7280",
    "strokeWidth": 2,
    "type": "arrow",
    "width": 106,
    "x": 135,
    "y": 210,
  },
  {
    "boundElements": null,
    "endBinding": {
      "elementId": "elem_5",
      "focus": 0,
      "gap": 4,
    },
    "height": 140,
    "id": "elem_10",
    "points": [
      [
        0,
        140,
      ],
      [
        106,
        0,
      ],
    ],
    "roughness": 0,
    "startBinding": {
      "elementId": "elem_3",
      "focus": 0,
      "gap": 4,
    },
    "strokeColor": "#6B7280",
    "strokeWidth": 2,
    "type": "arrow",
    "width": 106,
    "x": 241,
    "y": 280,
  },
  {
    "backgroundColor": "#ffffff",
    "boundElements": null,
    "containerId": null,
    "fontFamily": 2,
    "fontSize": 12,
    "height": 16,
    "id": "elem_11",
    "roughness": 0,
    "strokeColor": "#6B7280",
    "text": "예",
    "textAlign": "center",
    "type": "text",
    "verticalAlign": "middle",
    "width": 40,
    "x": 274,
    "y": 325.5,
  },
  {
    "boundElements": null,
    "endBinding": {
      "elementId": "elem_7",
      "focus": 0,
      "gap": 4,
    },
    "height": 70,
    "id": "elem_12",
    "points": [
      [
        0,
        70,
      ],
      [
        106,
        0,
      ],
    ],
    "roughness": 0,
    "startBinding": {
      "elementId": "elem_5",
      "focus": 0,
      "gap": 4,
    },
    "strokeColor": "#6B7280",
    "strokeWidth": 2,
    "type": "arrow",
    "width": 106,
    "x": 347,
    "y": 350,
  },
]
`;

exports[`레이아웃 골든 스냅샷 > card-grid 출력 고정 1`] = `
[
  {
    "backgroundColor": "#10B981",
    "boundElements": [
      {
        "id": "elem_2",
        "type": "text",
      },
      {
        "id": "elem_9",
        "type": "arrow",
      },
    ],
    "height": 110,
    "id": "elem_1",
    "roughness": 0,
    "strokeColor": "#1F2937",
    "strokeWidth": 2,
    "type": "rectangle",
    "width": 200,
    "x": 100,
    "y": 80,
  },
  {
    "boundElements": null,
    "containerId": "elem_1",
    "fontFamily": 2,
    "fontSize": 16,
    "height": 20,
    "id": "elem_2",
    "roughness": 0,
    "strokeColor": "#F8FAFC",
    "text": "노드 1",
    "textAlign": "center",
    "type": "text",
    "verticalAlign": "middle",
    "width": 180,
    "x": 110,
    "y": 127,
  },
  {
    "backgroundColor": "#3B82F6",
    "boundElements": [
      {
        "id": "elem_4",
        "type": "text",
      },
      {
        "id": "elem_9",
        "type": "arrow",
      },
      {
        "id": "elem_10",
        "type": "arrow",
      },
    ],
    "height": 110,
    "id": "elem_3",
    "roughness": 0,
    "strokeColor": "#1F2937",
    "strokeWidth": 2,
    "type": "rectangle",
    "width": 200,
    "x": 332,
    "y": 80,
  },
  {
    "boundElements": null,
    "containerId": "elem_3",
    "fontFamily": 2,
    "fontSize": 16,
    "height": 20,
    "id": "elem_4",
    "roughness": 0,
    "strokeColor": "#F8FAFC",
    "text": "노드 2",
    "textAlign": "center",
    "type": "text",
    "verticalAlign": "middle",
    "width": 180,
    "x": 342,
    "y": 127,
  },
  {
    "backgroundColor": "#F59E0B",
    "boundElements": [
      {
        "id": "elem_6",
        "type": "text",
      },
      {
        "id": "elem_10",
        "type": "arrow",
      },
      {
        "id": "elem_12",
        "type": "arrow",
      },
    ],
    "height": 110,
    "id": "elem_5",
    "roughness": 0,
    "strokeColor": "#1F2937",
    "strokeWidth": 2,
    "type": "rectangle",
    "width": 200,
    "x": 100,
    "y": 222,
  },
  {
    "boundElements": null,
    "containerId": "elem_5",
    "fontFamily": 2,
    "fontSize": 16,
    "height": 20,
    "id": "elem_6",
    "roughness": 0,
    "strokeColor": "#F8FAFC",
    "text": "노드 3",
    "textAlign": "center",
    "type": "text",
    "verticalAlign": "middle",
    "width": 180,
    "x": 110,
    "y": 269,
  },
  {
    "backgroundColor": "#EF4444",
    "boundElements": [
      {
        "id": "elem_8",
        "type": "text",
      },
      {
        "id": "elem_12",
        "type": "arrow",
      },
    ],
    "height": 110,
    "id": "elem_7",
    "roughness": 0,
    "strokeColor": "#1F2937",
    "strokeWidth": 2,
    "type": "rectangle",
    "width": 200,
    "x": 332,
    "y": 222,
  },
  {
    "boundElements": null,
    "containerId": "elem_7",
    "fontFamily": 2,
    "fontSize": 16,
    "height": 20,
    "id": "elem_8",
    "roughness": 0,
    "strokeColor": "#F8FAFC",
    "text": "노드 4",
    "textAlign": "center",
    "type": "text",
    "verticalAlign": "middle",
    "width": 180,
    "x": 342,
    "y": 269,
  },
  {
    "boundElements": null,
    "endBinding": {
      "elementId": "elem_3",
      "focus": 0,
      "gap": 4,
    },
    "height": 110,
    "id": "elem_9",
    "points": [
      [
        0,
        110,
      ],
      [
        232,
        0,
      ],
    ],
    "roughness": 0,
    "startBinding": {
      "elementId": "elem_1",
      "focus": 0,
      "gap": 4,
    },
    "strokeColor": "#6B7280",
    "strokeWidth": 2,
    "type": "arrow",
    "width": 232,
    "x": 200,
    "y": 80,
  },
  {
    "boundElements": null,
    "endBinding": {
      "elementId": "elem_5",
      "focus": 0,
      "gap": 4,
    },
    "height": 32,
    "id": "elem_10",
    "points": [
      [
        232,
        0,
      ],
      [
        0,
        32,
      ],
    ],
    "roughness": 0,
    "startBinding": {
      "elementId": "elem_3",
      "focus": 0,
      "gap": 4,
    },
    "strokeColor": "#6B7280",
    "strokeWidth": 2,
    "type": "arrow",
    "width": 232,
    "x": 200,
    "y": 190,
  },
  {
    "backgroundColor": "#ffffff",
    "boundElements": null,
    "containerId": null,
    "fontFamily": 2,
    "fontSize": 12,
    "height": 16,
    "id": "elem_11",
    "roughness": 0,
    "strokeColor": "#6B7280",
    "text": "예",
    "textAlign": "center",
    "type": "text",
    "verticalAlign": "middle",
    "width": 40,
    "x": 296,
    "y": 199,
  },
  {
    "boundElements": null,
    "endBinding": {
      "elementId": "elem_7",
      "focus": 0,
      "gap": 4,
    },
    "height": 110,
    "id": "elem_12",
    "points": [
      [
        0,
        110,
      ],
      [
        232,
        0,
      ],
    ],
    "roughness": 0,
    "startBinding": {
      "elementId": "elem_5",
      "focus": 0,
      "gap": 4,
    },
    "strokeColor": "#6B7280",
    "strokeWidth": 2,
    "type": "arrow",
    "width": 232,
    "x": 200,
    "y": 222,
  },
]
`;

exports[`레이아웃 골든 스냅샷 > comparison 출력 고정 1`] = `
[
  {
    "backgroundColor": "#93C5FD",
    "boundElements": [
      {
        "id": "elem_2",
        "type": "text",
      },
      {
        "id": "elem_9",
        "type": "arrow",
      },
    ],
    "height": 60,
    "id": "elem_1",
    "roughness": 0,
    "strokeColor": "#1F2937",
    "strokeWidth": 2,
    "type": "rectangle",
    "width": 160,
    "x": 150,
    "y": 80,
  },
  {
    "boundElements": null,
    "containerId": "elem_1",
    "fontFamily": 2,
    "fontSize": 16,
    "height": 20,
    "id": "elem_2",
    "roughness": 0,
    "strokeColor": "#1F2937",
    "text": "노드 1",
    "textAlign": "center",
    "type": "text",
    "verticalAlign": "middle",
    "width": 140,
    "x": 160,
    "y": 102,
  },
  {
    "backgroundColor": "#93C5FD",
    "boundElements": [
      {
        "id": "elem_4",
        "type": "text",
      },
      {
        "id": "elem_10",
        "type": "arrow",
      },
      {
        "id": "elem_12",
        "type": "arrow",
      },
    ],
    "height": 60,
    "id": "elem_3",
    "roughness": 0,
    "strokeColor": "#1F2937",
    "strokeWidth": 2,
    "type": "rectangle",
    "width": 160,
    "x": 150,
    "y": 200,
  },
  {
    "boundElements": null,
    "containerId": "elem_3",
    "fontFamily": 2,
    "fontSize": 16,
    "height": 20,
    "id": "elem_4",
    "roughness": 0,
    "strokeColor": "#1F2937",
    "text": "노드 3",
    "textAlign": "center",
    "type": "text",
    "verticalAlign": "middle",
    "width": 140,
    "x": 160,
    "y": 222,
  },
  {
    "backgroundColor": "#FCD34D",
    "boundElements": [
      {
        "id": "elem_6",
        "type": "text",
      },
      {
        "id": "elem_9",
        "type": "arrow",
      },
      {
        "id": "elem_10",
        "type": "arrow",
      },
    ],
    "height": 60,
    "id": "elem_5",
    "roughness": 0,
    "strokeColor": "#1F2937",
    "strokeWidth": 2,
    "type": "rectangle",
    "width": 160,
    "x": 500,
    "y": 80,
  },
  {
    "boundElements": null,
    "containerId": "elem_5",
    "fontFamily": 2,
    "fontSize": 16,
    "height": 20,
    "id": "elem_6",
    "roughness": 0,
    "strokeColor": "#1F2937",
    "text": "노드 2",
    "textAlign": "center",
    "type": "text",
    "verticalAlign": "middle",
    "width": 140,
    "x": 510,
    "y": 102,
  },
  {
    "backgroundColor": "#FCD34D",
    "boundElements": [
      {
        "id": "elem_8",
        "type": "text",
      },
      {
        "id": "elem_12",
        "type": "arrow",
      },
    ],
    "height": 60,
    "id": "elem_7",
    "roughness": 0,
    "strokeColor": "#1F2937",
    "strokeWidth": 2,
    "type": "rectangle",
    "width": 160,
    "x": 500,
    "y": 200,
  },
  {
    "boundElements": null,
    "containerId": "elem_7",
    "fontFamily": 2,
    "fontSize": 16,
    "height": 20,
    "id": "elem_8",
    "roughness": 0,
    "strokeColor": "#1F2937",
    "text": "노드 4",
    "textAlign": "center",
    "type": "text",
    "verticalAlign": "middle",
    "width": 140,
    "x": 510,
    "y": 222,
  },
  {
    "boundElements": null,
    "endBinding": {
      "elementId": "elem_5",
      "focus": 0,
      "gap": 4,
    },
    "height": 60,
    "id": "elem_9",
    "points": [
      [
        0,
        60,
      ],
      [
        350,
        0,
      ],
    ],
    "roughness": 0,
    "startBinding": {
      "elementId": "elem_1",
      "focus": 0,
      "gap": 4,
    },
    "strokeColor": "#6B7280",
    "strokeWidth": 2,
    "type": "arrow",
    "width": 350,
    "x": 230,
    "y": 80,
  },
  {
    "boundElements": null,
    "endBinding": {
      "elementId": "elem_3",
      "focus": 0,
      "gap": 4,
    },
    "height": 60,
    "id": "elem_10",
    "points": [
      [
        350,
        0,
      ],
      [
        0,
        60,
      ],
    ],
    "roughness": 0,
    "startBinding": {
      "elementId": "elem_5",
      "focus": 0,
      "gap": 4,
    },
    "strokeColor": "#6B7280",
    "strokeWidth": 2,
    "type": "arrow",
    "width": 350,
    "x": 230,
    "y": 140,
  },
  {
    "backgroundColor": "#ffffff",
    "boundElements": null,
    "containerId": null,
    "fontFamily": 2,
    "fontSize": 12,
    "height": 16,
    "id": "elem_11",
    "roughness": 0,
    "strokeColor": "#6B7280",
    "text": "예",
    "textAlign": "center",
    "type": "text",
    "verticalAlign": "middle",
    "width": 40,
    "x": 385,
    "y": 163,
  },
  {
    "boundElements": null,
    "endBinding": {
      "elementId": "elem_7",
      "focus": 0,
      "gap": 4,
    },
    "height": 60,
    "id": "elem_12",
    "points": [
      [
        0,
        60,
      ],
      [
        350,
        0,
      ],
    ],
    "roughness": 0,
    "startBinding": {
      "elementId": "elem_3",
      "focus": 0,
      "gap": 4,
    },
    "strokeColor": "#6B7280",
    "strokeWidth": 2,
    "type": "arrow",
    "width": 350,
    "x": 230,
    "y": 200,
  },
]
`;

exports[`레이아웃 골든 스냅샷 > flowchart 출력 고정 1`] = `
[
  {
    "backgroundColor": "#10B981",
    "boundElements": [
      {
        "id": "elem_2",
        "type": "text",
      },
      {
        "id": "elem_9",
        "type": "arrow",
      },
    ],
    "height": 60,
    "id": "elem_1",
    "roughness": 0,
    "strokeColor": "#1F2937",
    "strokeWidth": 2,
    "type": "rectangle",
    "width": 160,
    "x": 400,
    "y": 80,
  },
  {
    "boundElements": null,
    "containerId": "elem_1",
    "fontFamily": 2,
    "fontSize": 16,
    "height": 20,
    "id": "elem_2",
    "roughness": 0,
    "strokeColor": "#F8FAFC",
    "text": "노드 1",
    "textAlign": "center",
    "type": "text",
    "verticalAlign": "middle",
    "width": 140,
    "x": 410,
    "y": 102,
  },
  {
    "backgroundColor": "#3B82F6",
    "boundElements": [
      {
        "id": "elem_4",
        "type": "text",
      },
      {
        "id": "elem_9",
        "type": "arrow",
      },
      {
        "id": "elem_10",
        "type": "arrow",
      },
    ],
    "height": 60,
    "id": "elem_3",
    "roughness": 0,
    "strokeColor": "#1F2937",
    "strokeWidth": 2,
    "type": "rectangle",
    "width": 160,
    "x": 400,
    "y": 200,
  },
  {
    "boundElements": null,
    "containerId": "elem_3",
    "fontFamily": 2,
    "fontSize": 16,
    "height": 20,
    "id": "elem_4",
    "roughness": 0,
    "strokeColor": "#F8FAFC",
    "text": "노드 2",
    "textAlign": "center",
    "type": "text",
    "verticalAlign": "middle",
    "width": 140,
    "x": 410,
    "y": 222,
  },
  {
    "backgroundColor": "#F59E0B",
    "boundElements": [
      {
        "id": "elem_6",
        "type": "text",
      },
      {
        "id": "elem_10",
        "type": "arrow",
      },
      {
        "id": "elem_12",
        "type": "arrow",
      },
    ],
    "height": 60,
    "id": "elem_5",
    "roughness": 0,
    "strokeColor": "#1F2937",
    "strokeWidth": 2,
    "type": "rectangle",
    "width": 160,
    "x": 400,
    "y": 320,
  },
  {
    "boundElements": null,
    "containerId": "elem_5",
    "fontFamily": 2,
    "fontSize": 16,
    "height": 20,
    "id": "elem_6",
    "roughness": 0,
    "strokeColor": "#F8FAFC",
    "text": "노드 3",
    "textAlign": "center",
    "type": "text",
    "verticalAlign": "middle",
    "width": 140,
    "x": 410,
    "y": 342,
  },
  {
    "backgroundColor": "#EF4444",
    "boundElements": [
      {
        "id": "elem_8",
        "type": "text",
      },
      {
        "id": "elem_12",
        "type": "arrow",
      },
    ],
    "height": 60,
    "id": "elem_7",
    "roughness": 0,
    "strokeColor": "#1F2937",
    "strokeWidth": 2,
    "type": "rectangle",
    "width": 160,
    "x": 400,
    "y": 440,
  },
  {
    "boundElements": null,
    "containerId": "elem_7",
    "fontFamily": 2,
    "fontSize": 16,
    "height": 20,
    "id": "elem_8",
    "roughness": 0,
    "strokeColor": "#F8FAFC",
    "text": "노드 4",
    "textAlign": "center",
    "type": "text",
    "verticalAlign": "middle",
    "width": 140,
    "x": 410,
    "y": 462,
  },
  {
    "boundElements": null,
    "endBinding": {
      "elementId": "elem_3",
      "focus": 0,
      "gap": 4,
    },
    "height": 60,
    "id": "elem_9",
    "points": [
      [
        0,
        0,
      ],
      [
        0,
        60,
      ],
    ],
    "roughness": 0,
    "startBinding": {
      "elementId": "elem_1",
      "focus": 0,
      "gap": 4,
    },
    "strokeColor": "#6B7280",
    "strokeWidth": 2,
    "type": "arrow",
    "width": 10,
    "x": 480,
    "y": 140,
  },
  {
    "boundElements": null,
    "endBinding": {
      "elementId": "elem_5",
      "focus": 0,
      "gap": 4,
    },
    "height": 60,
    "id": "elem_10",
    "points": [
      [
        0,
        0,
      ],
      [
        0,
        60,
      ],
    ],
    "roughness": 0,
    "startBinding": {
      "elementId": "elem_3",
      "focus": 0,
      "gap": 4,
    },
    "strokeColor": "#6B7280",
    "strokeWidth": 2,
    "type": "arrow",
    "width": 10,
    "x": 480,
    "y": 260,
  },
  {
    "backgroundColor": "#ffffff",
    "boundElements": null,
    "containerId": null,
    "fontFamily": 2,
    "fontSize": 12,
    "height": 16,
    "id": "elem_11",
    "roughness": 0,
    "strokeColor": "#6B7280",
    "text": "예",
    "textAlign": "center",
    "type": "text",
    "verticalAlign": "middle",
    "width": 40,
    "x": 460,
    "y": 283,
  },
  {
    "boundElements": null,
    "endBinding": {
      "elementId": "elem_7",
      "focus": 0,
      "gap": 4,
    },
    "height": 60,
    "id": "elem_12",
    "points": [
      [
        0,
        0,
      ],
      [
        0,
        60,
      ],
    ],
    "roughness": 0,
    "startBinding": {
      "elementId": "elem_5",
      "focus": 0,
      "gap": 4,
    },
    "strokeColor": "#6B7280",
    "strokeWidth": 2,
    "type": "arrow",
    "width": 10,
    "x": 480,
    "y": 380,
  },
]
`;

exports[`레이아웃 골든 스냅샷 > framework-2x2 출력 고정 1`] = `
[
  {
    "backgroundColor": "#DBEAFE",
    "boundElements": [
      {
        "id": "elem_2",
        "type": "text",
      },
      {
        "id": "elem_9",
        "type": "arrow",
      },
    ],
    "height": 140,
    "id": "elem_1",
    "roughness": 0,
    "strokeColor": "#1F2937",
    "strokeWidth": 2,
    "type": "rectangle",
    "width": 220,
    "x": 100,
    "y": 80,
  },
  {
    "boundElements": null,
    "containerId": "elem_1",
    "fontFamily": 2,
    "fontSize": 16,
    "height": 20,
    "id": "elem_2",
    "roughness": 0,
    "strokeColor": "#1F2937",
    "text": "노드 1",
    "textAlign": "center",
    "type": "text",
    "verticalAlign": "middle",
    "width": 200,
    "x": 110,
    "y": 142,
  },
  {
    "backgroundColor": "#DCFCE7",
    "boundElements": [
      {
        "id": "elem_4",
        "type": "text",
      },
      {
        "id": "elem_9",
        "type": "arrow",
      },
      {
        "id": "elem_10",
        "type": "arrow",
      },
    ],
    "height": 140,
    "id": "elem_3",
    "roughness": 0,
    "strokeColor": "#1F2937",
    "strokeWidth": 2,
    "type": "rectangle",
    "width": 220,
    "x": 336,
    "y": 80,
  },
  {
    "boundElements": null,
    "containerId": "elem_3",
    "fontFamily": 2,
    "fontSize": 16,
    "height": 20,
    "id": "elem_4",
    "roughness": 0,
    "strokeColor": "#1F2937",
    "text": "노드 2",
    "textAlign": "center",
    "type": "text",
    "verticalAlign": "middle",
    "width": 200,
    "x": 346,
    "y": 142,
  },
  {
    "backgroundColor": "#FEF9C3",
    "boundElements": [
      {
        "id": "elem_6",
        "type": "text",
      },
      {
        "id": "elem_10",
        "type": "arrow",
      },
      {
        "id": "elem_12",
        "type": "arrow",
      },
    ],
    "height": 140,
    "id": "elem_5",
    "roughness": 0,
    "strokeColor": "#1F2937",
    "strokeWidth": 2,
    "type": "rectangle",
    "width": 220,
    "x": 100,
    "y": 236,
  },
  {
    "boundElements": null,
    "containerId": "elem_5",
    "fontFamily": 2,
    "fontSize": 16,
    "height": 20,
    "id": "elem_6",
    "roughness": 0,
    "strokeColor": "#1F2937",
    "text": "노드 3",
    "textAlign": "center",
    "type": "text",
    "verticalAlign": "middle",
    "width": 200,
    "x": 110,
    "y": 298,
  },
  {
    "backgroundColor": "#FEE2E2",
    "boundElements": [
      {
        "id": "elem_8",
        "type": "text",
      },
      {
        "id": "elem_12",
        "type": "arrow",
      },
    ],
    "height": 140,
    "id": "elem_7",
    "roughness": 0,
    "strokeColor": "#1F2937",
    "strokeWidth": 2,
    "type": "rectangle",
    "width": 220,
    "x": 336,
    "y": 236,
  },
  {
    "boundElements": null,
    "containerId": "elem_7",
    "fontFamily": 2,
    "fontSize": 16,
    "height": 20,
    "id": "elem_8",
    "roughness": 0,
    "strokeColor": "#1F2937",
    "text": "노드 4",
    "textAlign": "center",
    "type": "text",
    "verticalAlign": "middle",
    "width": 200,
    "x": 346,
    "y": 298,
  },
  {
    "boundElements": null,
    "endBinding": {
      "elementId": "elem_3",
      "focus": 0,
      "gap": 4,
    },
    "height": 140,
    "id": "elem_9",
    "points": [
      [
        0,
        140,
      ],
      [
        236,
        0,
      ],
    ],
    "roughness": 0,
    "startBinding": {
      "elementId": "elem_1",
      "focus": 0,
      "gap": 4,
    },
    "strokeColor": "#6B7280",
    "strokeWidth": 2,
    "type": "arrow",
    "width": 236,
    "x": 210,
    "y": 80,
  },
  {
    "boundElements": null,
    "endBinding": {
      "elementId": "elem_5",
      "focus": 0,
      "gap": 4,
    },
    "height": 16,
    "id": "elem_10",
    "points": [
      [
        236,
        0,
      ],
      [
        0,
        16,
      ],
    ],
    "roughness": 0,
    "startBinding": {
      "elementId": "elem_3",
      "focus": 0,
      "gap": 4,
    },
    "strokeColor": "#6B7280",
    "strokeWidth": 2,
    "type": "arrow",
    "width": 236,
    "x": 210,
    "y": 220,
  },
  {
    "backgroundColor": "#ffffff",
    "boundElements": null,
    "containerId": null,
    "fontFamily": 2,
    "fontSize": 12,
    "height": 16,
    "id": "elem_11",
    "roughness": 0,
    "strokeColor": "#6B7280",
    "text": "예",
    "textAlign": "center",
    "type": "text",
    "verticalAlign": "middle",
    "width": 40,
    "x": 308,
    "y": 221,
  },
  {
    "boundElements": null,
    "endBinding": {
      "elementId": "elem_7",
      "focus": 0,
      "gap": 4,
    },
    "height": 140,
    "id": "elem_12",
    "points": [
      [
        0,
        140,
      ],
      [
        236,
        0,
      ],
    ],
    "roughness": 0,
    "startBinding": {
      "elementId": "elem_5",
      "focus": 0,
      "gap": 4,
    },
    "strokeColor": "#6B7280",
    "strokeWidth": 2,
    "type": "arrow",
    "width": 236,
    "x": 210,
    "y": 236,
  },
]
`;

exports[`레이아웃 골든 스냅샷 > funnel 출력 고정 1`] = `
[
  {
    "backgroundColor": "#10B981",
    "boundElements": [
      {
        "id": "elem_2",
        "type": "text",
      },
      {
        "id": "elem_9",
        "type": "arrow",
      },
    ],
    "height": 64,
    "id": "elem_1",
    "roughness": 0,
    "strokeColor": "#1F2937",
    "strokeWidth": 2,
    "type": "rectangle",
    "width": 360,
    "x": 220,
    "y": 80,
  },
  {
    "boundElements": null,
    "containerId": "elem_1",
    "fontFamily": 2,
    "fontSize": 16,
    "height": 20,
    "id": "elem_2",
    "roughness": 0,
    "strokeColor": "#F8FAFC",
    "text": "노드 1",
    "textAlign": "center",
    "type": "text",
    "verticalAlign": "middle",
    "width": 340,
    "x": 230,
    "y": 104,
  },
  {
    "backgroundColor": "#3B82F6",
    "boundElements": [
      {
        "id": "elem_4",
        "type": "text",
      },
      {
        "id": "elem_9",
        "type": "arrow",
      },
      {
        "id": "elem_10",
        "type": "arrow",
      },
    ],
    "height": 64,
    "id": "elem_3",
    "roughness": 0,
    "strokeColor": "#1F2937",
    "strokeWidth": 2,
    "type": "rectangle",
    "width": 300,
    "x": 250,
    "y": 156,
  },
  {
    "boundElements": null,
    "containerId": "elem_3",
    "fontFamily": 2,
    "fontSize": 16,
    "height": 20,
    "id": "elem_4",
    "roughness": 0,
    "strokeColor": "#F8FAFC",
    "text": "노드 2",
    "textAlign": "center",
    "type": "text",
    "verticalAlign": "middle",
    "width": 280,
    "x": 260,
    "y": 180,
  },
  {
    "backgroundColor": "#F59E0B",
    "boundElements": [
      {
        "id": "elem_6",
        "type": "text",
      },
      {
        "id": "elem_10",
        "type": "arrow",
      },
      {
        "id": "elem_12",
        "type": "arrow",
      },
    ],
    "height": 64,
    "id": "elem_5",
    "roughness": 0,
    "strokeColor": "#1F2937",
    "strokeWidth": 2,
    "type": "rectangle",
    "width": 240,
    "x": 280,
    "y": 232,
  },
  {
    "boundElements": null,
    "containerId": "elem_5",
    "fontFamily": 2,
    "fontSize": 16,
    "height": 20,
    "id": "elem_6",
    "roughness": 0,
    "strokeColor": "#F8FAFC",
    "text": "노드 3",
    "textAlign": "center",
    "type": "text",
    "verticalAlign": "middle",
    "width": 220,
    "x": 290,
    "y": 256,
  },
  {
    "backgroundColor": "#EF4444",
    "boundElements": [
      {
        "id": "elem_8",
        "type": "text",
      },
      {
        "id": "elem_12",
        "type": "arrow",
      },
    ],
    "height": 64,
    "id": "elem_7",
    "roughness": 0,
    "strokeColor": "#1F2937",
    "strokeWidth": 2,
    "type": "rectangle",
    "width": 180,
    "x": 310,
    "y": 308,
  },
  {
    "boundElements": null,
    "containerId": "elem_7",
    "fontFamily": 2,
    "fontSize": 16,
    "height": 20,
    "id": "elem_8",
    "roughness": 0,
    "strokeColor": "#F8FAFC",
    "text": "노드 4",
    "textAlign": "center",
    "type": "text",
    "verticalAlign": "middle",
    "width": 160,
    "x": 320,
    "y": 332,
  },
  {
    "boundElements": null,
    "endBinding": {
      "elementId": "elem_3",
      "focus": 0,
      "gap": 4,
    },
    "height": 12,
    "id": "elem_9",
    "points": [
      [
        0,
        0,
      ],
      [
        0,
        12,
      ],
    ],
    "roughness": 0,
    "startBinding": {
      "elementId": "elem_1",
      "focus": 0,
      "gap": 4,
    },
    "strokeColor": "#6B7280",
    "strokeWidth": 2,
    "type": "arrow",
    "width": 10,
    "x": 400,
    "y": 144,
  },
  {
    "boundElements": null,
    "endBinding": {
      "elementId": "elem_5",
      "focus": 0,
      "gap": 4,
    },
    "height": 12,
    "id": "elem_10",
    "points": [
      [
        0,
        0,
      ],
      [
        0,
        12,
      ],
    ],
    "roughness": 0,
    "startBinding": {
      "elementId": "elem_3",
      "focus": 0,
      "gap": 4,
    },
    "strokeColor": "#6B7280",
    "strokeWidth": 2,
    "type": "arrow",
    "width": 10,
    "x": 400,
    "y": 220,
  },
  {
    "backgroundColor": "#ffffff",
    "boundElements": null,
    "containerId": null,
    "fontFamily": 2,
    "fontSize": 12,
    "height": 16,
    "id": "elem_11",
    "roughness": 0,
    "strokeColor": "#6B7280",
    "text": "예",
    "textAlign": "center",
    "type": "text",
    "verticalAlign": "middle",
    "width": 40,
    "x": 380,
    "y": 219,
  },
  {
    "boundElements": null,
    "endBinding": {
      "elementId": "elem_7",
      "focus": 0,
      "gap": 4,
    },
    "height": 12,
    "id": "elem_12",
    "points": [
      [
        0,
        0,
      ],
      [
        0,
        12,
      ],
    ],
    "roughness": 0,
    "startBinding": {
      "elementId": "elem_5",
      "focus": 0,
      "gap": 4,
    },
    "strokeColor": "#6B7280",
    "strokeWidth": 2,
    "type": "arrow",
    "width": 10,
    "x": 400,
    "y": 296,
  },
]
`;

exports[`레이아웃 골든 스냅샷 > list 출력 고정 1`] = `
[
  {
    "backgroundColor": "#F3F4F6",
    "boundElements": [
      {
        "id": "elem_2",
        "type": "text",
      },
      {
        "id": "elem_9",
        "type": "arrow",
      },
    ],
    "height": 60,
    "id": "elem_1",
    "roughness": 0,
    "strokeColor": "#1F2937",
    "strokeWidth": 2,
    "type": "rectangle",
    "width": 160,
    "x": 250,
    "y": 80,
  },
  {
    "boundElements": null,
    "containerId": "elem_1",
    "fontFamily": 2,
    "fontSize": 16,
    "height": 20,
    "id": "elem_2",
    "roughness": 0,
    "strokeColor": "#1F2937",
    "text": "노드 1",
    "textAlign": "center",
    "type": "text",
    "verticalAlign": "middle",
    "width": 140,
    "x": 260,
    "y": 102,
  },
  {
    "backgroundColor": "#E5E7EB",
    "boundElements": [
      {
        "id": "elem_4",
        "type": "text",
      },
      {
        "id": "elem_9",
        "type": "arrow",
      },
      {
        "id": "elem_10",
        "type": "arrow",
      },
    ],
    "height": 60,
    "id": "elem_3",
    "roughness": 0,
    "strokeColor": "#1F2937",
    "strokeWidth": 2,
    "type": "rectangle",
    "width": 160,
    "x": 250,
    "y": 200,
  },
  {
    "boundElements": null,
    "containerId": "elem_3",
    "fontFamily": 2,
    "fontSize": 16,
    "height": 20,
    "id": "elem_4",
    "roughness": 0,
    "strokeColor": "#1F2937",
    "text": "노드 2",
    "textAlign": "center",
    "type": "text",
    "verticalAlign": "middle",
    "width": 140,
    "x": 260,
    "y": 222,
  },
  {
    "backgroundColor": "#F3F4F6",
    "boundElements": [
      {
        "id": "elem_6",
        "type": "text",
      },
      {
        "id": "elem_10",
        "type": "arrow",
      },
      {
        "id": "elem_12",
        "type": "arrow",
      },
    ],
    "height": 60,
    "id": "elem_5",
    "roughness": 0,
    "strokeColor": "#1F2937",
    "strokeWidth": 2,
    "type": "rectangle",
    "width": 160,
    "x": 250,
    "y": 320,
  },
  {
    "boundElements": null,
    "containerId": "elem_5",
    "fontFamily": 2,
    "fontSize": 16,
    "height": 20,
    "id": "elem_6",
    "roughness": 0,
    "strokeColor": "#1F2937",
    "text": "노드 3",
    "textAlign": "center",
    "type": "text",
    "verticalAlign": "middle",
    "width": 140,
    "x": 260,
    "y": 342,
  },
  {
    "backgroundColor": "#E5E7EB",
    "boundElements": [
      {
        "id": "elem_8",
        "type": "text",
      },
      {
        "id": "elem_12",
        "type": "arrow",
      },
    ],
    "height": 60,
    "id": "elem_7",
    "roughness": 0,
    "strokeColor": "#1F2937",
    "strokeWidth": 2,
    "type": "rectangle",
    "width": 160,
    "x": 250,
    "y": 440,
  },
  {
    "boundElements": null,
    "containerId": "elem_7",
    "fontFamily": 2,
    "fontSize": 16,
    "height": 20,
    "id": "elem_8",
    "roughness": 0,
    "strokeColor": "#1F2937",
    "text": "노드 4",
    "textAlign": "center",
    "type": "text",
    "verticalAlign": "middle",
    "width": 140,
    "x": 260,
    "y": 462,
  },
  {
    "boundElements": null,
    "endBinding": {
      "elementId": "elem_3",
      "focus": 0,
      "gap": 4,
    },
    "height": 60,
    "id": "elem_9",
    "points": [
      [
        0,
        0,
      ],
      [
        0,
        60,
      ],
    ],
    "roughness": 0,
    "startBinding": {
      "elementId": "elem_1",
      "focus": 0,
      "gap": 4,
    },
    "strokeColor": "#6B7280",
    "strokeWidth": 2,
    "type": "arrow",
    "width": 10,
    "x": 330,
    "y": 140,
  },
  {
    "boundElements": null,
    "endBinding": {
      "elementId": "elem_5",
      "focus": 0,
      "gap": 4,
    },
    "height": 60,
    "id": "elem_10",
    "points": [
      [
        0,
        0,
      ],
      [
        0,
        60,
      ],
    ],
    "roughness": 0,
    "startBinding": {
      "elementId": "elem_3",
      "focus": 0,
      "gap": 4,
    },
    "strokeColor": "#6B7280",
    "strokeWidth": 2,
    "type": "arrow",
    "width": 10,
    "x": 330,
    "y": 260,
  },
  {
    "backgroundColor": "#ffffff",
    "boundElements": null,
    "containerId": null,
    "fontFamily": 2,
    "fontSize": 12,
    "height": 16,
    "id": "elem_11",
    "roughness": 0,
    "strokeColor": "#6B7280",
    "text": "예",
    "textAlign": "center",
    "type": "text",
    "verticalAlign": "middle",
    "width": 40,
    "x": 310,
    "y": 283,
  },
  {
    "boundElements": null,
    "endBinding": {
      "elementId": "elem_7",
      "focus": 0,
      "gap": 4,
    },
    "height": 60,
    "id": "elem_12",
    "points": [
      [
        0,
        0,
      ],
      [
        0,
        60,
      ],
    ],
    "roughness": 0,
    "startBinding": {
      "elementId": "elem_5",
      "focus": 0,
      "gap": 4,
    },
    "strokeColor": "#6B7280",
    "strokeWidth": 2,
    "type": "arrow",
    "width": 10,
    "x": 330,
    "y": 380,
  },
]
`;

exports[`레이아웃 골든 스냅샷 > mindmap 출력 고정 1`] = `
[
  {
    "backgroundColor": "#1E40AF",
    "boundElements": [
      {
        "id": "elem_2",
        "type": "text",
      },
      {
        "id": "elem_9",
        "type": "arrow",
      },
    ],
    "height": 60,
    "id": "elem_1",
    "roughness": 0,
    "strokeColor": "#1F2937",
    "strokeWidth": 2,
    "type": "rectangle",
    "width": 160,
    "x": 320,
    "y": 270,
  },
  {
    "boundElements": null,
    "containerId": "elem_1",
    "fontFamily": 2,
    "fontSize": 16,
    "height": 20,
    "id": "elem_2",
    "roughness": 0,
    "strokeColor": "#F8FAFC",
    "text": "노드 1",
    "textAlign": "center",
    "type": "text",
    "verticalAlign": "middle",
    "width": 140,
    "x": 330,
    "y": 292,
  },
  {
    "backgroundColor": "#3B82F6",
    "boundElements": [
      {
        "id": "elem_4",
        "type": "text",
      },
      {
        "id": "elem_9",
        "type": "arrow",
      },
      {
        "id": "elem_10",
        "type": "arrow",
      },
    ],
    "height": 60,
    "id": "elem_3",
    "roughness": 0,
    "strokeColor": "#1F2937",
    "strokeWidth": 2,
    "type": "rectangle",
    "width": 160,
    "x": 320,
    "y": 90,
  },
  {
    "boundElements": null,
    "containerId": "elem_3",
    "fontFamily": 2,
    "fontSize": 16,
    "height": 20,
    "id": "elem_4",
    "roughness": 0,
    "strokeColor": "#F8FAFC",
    "text": "노드 2",
    "textAlign": "center",
    "type": "text",
    "verticalAlign": "middle",
    "width": 140,
    "x": 330,
    "y": 112,
  },
  {
    "backgroundColor": "#3B82F6",
    "boundElements": [
      {
        "id": "elem_6",
        "type": "text",
      },
      {
        "id": "elem_10",
        "type": "arrow",
      },
      {
        "id": "elem_12",
        "type": "arrow",
      },
    ],
    "height": 60,
    "id": "elem_5",
    "roughness": 0,
    "strokeColor": "#1F2937",
    "strokeWidth": 2,
    "type": "rectangle",
    "width": 160,
    "x": 475.88457268119896,
    "y": 360,
  },
  {
    "boundElements": null,
    "containerId": "elem_5",
    "fontFamily": 2,
    "fontSize": 16,
    "height": 20,
    "id": "elem_6",
    "roughness": 0,
    "strokeColor": "#F8FAFC",
    "text": "노드 3",
    "textAlign": "center",
    "type": "text",
    "verticalAlign": "middle",
    "width": 140,
    "x": 485.88457268119896,
    "y": 382,
  },
  {
    "backgroundColor": "#3B82F6",
    "boundElements": [
      {
        "id": "elem_8",
        "type": "text",
      },
      {
        "id": "elem_12",
        "type": "arrow",
      },
    ],
    "height": 60,
    "id": "elem_7",
    "roughness": 0,
    "strokeColor": "#1F2937",
    "strokeWidth": 2,
    "type": "rectangle",
    "width": 160,
    "x": 164.11542731880107,
    "y": 360.00000000000006,
  },
  {
    "boundElements": null,
    "containerId": "elem_7",
    "fontFamily": 2,
    "fontSize": 16,
    "height": 20,
    "id": "elem_8",
    "roughness": 0,
    "strokeColor": "#F8FAFC",
    "text": "노드 4",
    "textAlign": "center",
    "type": "text",
    "verticalAlign": "middle",
    "width": 140,
    "x": 174.11542731880107,
    "y": 382.00000000000006,
  },
  {
    "boundElements": null,
    "endBinding": {
      "elementId": "elem_3",
      "focus": 0,
      "gap": 4,
    },
    "height": 240,
    "id": "elem_9",
    "points": [
      [
        0,
        240,
      ],
      [
        0,
        0,
      ],
    ],
    "roughness": 0,
    "startBinding": {
      "elementId": "elem_1",
      "focus": 0,
      "gap": 4,
    },
    "strokeColor": "#6B7280",
    "strokeWidth": 2,
    "type": "arrow",
    "width": 10,
    "x": 400,
    "y": 90,
  },
  {
    "boundElements": null,
    "endBinding": {
      "elementId": "elem_5",
      "focus": 0,
      "gap": 4,
    },
    "height": 210,
    "id": "elem_10",
    "points": [
      [
        0,
        0,
      ],
      [
        155.88457268119896,
        210,
      ],
    ],
    "roughness": 0,
    "startBinding": {
      "elementId": "elem_3",
      "focus": 0,
      "gap": 4,
    },
    "strokeColor": "#6B7280",
    "strokeWidth": 2,
    "type": "arrow",
    "width": 155.88457268119896,
    "x": 400,
    "y": 150,
  },
  {
    "backgroundColor": "#ffffff",
    "boundElements": null,
    "containerId": null,
    "fontFamily": 2,
    "fontSize": 12,
    "height": 16,
    "id": "elem_11",
    "roughness": 0,
    "strokeColor": "#6B7280",
    "text": "예",
    "textAlign": "center",
    "type": "text",
    "verticalAlign": "middle",
    "width": 40,
    "x": 457.9422863405995,
    "y": 248,
  },
  {
    "boundElements": null,
    "endBinding": {
      "elementId": "elem_7",
      "focus": 0,
      "gap": 4,
    },
    "height": 59.99999999999994,
    "id": "elem_12",
    "points": [
      [
        311.7691453623979,
        59.99999999999994,
      ],
      [
        0,
        0,
      ],
    ],
    "roughness": 0,
    "startBinding": {
      "elementId": "elem_5",
      "focus": 0,
      "gap": 4,
    },
    "strokeColor": "#6B7280",
    "strokeWidth": 2,
    "type": "arrow",
    "width": 311.7691453623979,
    "x": 244.11542731880107,
    "y": 360.00000000000006,
  },
]
`;

exports[`레이아웃 골든 스냅샷 > process 출력 고정 1`] = `
[
  {
    "backgroundColor": "#10B981",
    "boundElements": [
      {
        "id": "elem_2",
        "type": "text",
      },
      {
        "id": "elem_9",
        "type": "arrow",
      },
    ],
    "height": 60,
    "id": "elem_1",
    "roughness": 0,
    "strokeColor": "#1F2937",
    "strokeWidth": 2,
    "type": "rectangle",
    "width": 160,
    "x": 100,
    "y": 270,
  },
  {
    "boundElements": null,
    "containerId": "elem_1",
    "fontFamily": 2,
    "fontSize": 16,
    "height": 20,
    "id": "elem_2",
    "roughness": 0,
    "strokeColor": "#F8FAFC",
    "text": "노드 1",
    "textAlign": "center",
    "type": "text",
    "verticalAlign": "middle",
    "width": 140,
    "x": 110,
    "y": 292,
  },
  {
    "backgroundColor": "#3B82F6",
    "boundElements": [
      {
        "id": "elem_4",
        "type": "text",
      },
      {
        "id": "elem_9",
        "type": "arrow",
      },
      {
        "id": "elem_10",
        "type": "arrow",
      },
    ],
    "height": 60,
    "id": "elem_3",
    "roughness": 0,
    "strokeColor": "#1F2937",
    "strokeWidth": 2,
    "type": "rectangle",
    "width": 160,
    "x": 340,
    "y": 270,
  },
  {
    "boundElements": null,
    "containerId": "elem_3",
    "fontFamily": 2,
    "fontSize": 16,
    "height": 20,
    "id": "elem_4",
    "roughness": 0,
    "strokeColor": "#F8FAFC",
    "text": "노드 2",
    "textAlign": "center",
    "type": "text",
    "verticalAlign": "middle",
    "width": 140,
    "x": 350,
    "y": 292,
  },
  {
    "backgroundColor": "#F59E0B",
    "boundElements": [
      {
        "id": "elem_6",
        "type": "text",
      },
      {
        "id": "elem_10",
        "type": "arrow",
      },
      {
        "id": "elem_12",
        "type": "arrow",
      },
    ],
    "height": 60,
    "id": "elem_5",
    "roughness": 0,
    "strokeColor": "#1F2937",
    "strokeWidth": 2,
    "type": "rectangle",
    "width": 160,
    "x": 580,
    "y": 270,
  },
  {
    "boundElements": null,
    "containerId": "elem_5",
    "fontFamily": 2,
    "fontSize": 16,
    "height": 20,
    "id": "elem_6",
    "roughness": 0,
    "strokeColor": "#F8FAFC",
    "text": "노드 3",
    "textAlign": "center",
    "type": "text",
    "verticalAlign": "middle",
    "width": 140,
    "x": 590,
    "y": 292,
  },
  {
    "backgroundColor": "#EF4444",
    "boundElements": [
      {
        "id": "elem_8",
        "type": "text",
      },
      {
        "id": "elem_12",
        "type": "arrow",
      },
    ],
    "height": 60,
    "id": "elem_7",
    "roughness": 0,
    "strokeColor": "#1F2937",
    "strokeWidth": 2,
    "type": "rectangle",
    "width": 160,
    "x": 820,
    "y": 270,
  },
  {
    "boundElements": null,
    "containerId": "elem_7",
    "fontFamily": 2,
    "fontSize": 16,
    "height": 20,
    "id": "elem_8",
    "roughness": 0,
    "strokeColor": "#F8FAFC",
    "text": "노드 4",
    "textAlign": "center",
    "type": "text",
    "verticalAlign": "middle",
    "width": 140,
    "x": 830,
    "y": 292,
  },
  {
    "boundElements": null,
    "endBinding": {
      "elementId": "elem_3",
      "focus": 0,
      "gap": 4,
    },
    "height": 60,
    "id": "elem_9",
    "points": [
      [
        0,
        60,
      ],
      [
        240,
        0,
      ],
    ],
    "roughness": 0,
    "startBinding": {
      "elementId": "elem_1",
      "focus": 0,
      "gap": 4,
    },
    "strokeColor": "#6B7280",
    "strokeWidth": 2,
    "type": "arrow",
    "width": 240,
    "x": 180,
    "y": 270,
  },
  {
    "boundElements": null,
    "endBinding": {
      "elementId": "elem_5",
      "focus": 0,
      "gap": 4,
    },
    "height": 60,
    "id": "elem_10",
    "points": [
      [
        0,
        60,
      ],
      [
        240,
        0,
      ],
    ],
    "roughness": 0,
    "startBinding": {
      "elementId": "elem_3",
      "focus": 0,
      "gap": 4,
    },
    "strokeColor": "#6B7280",
    "strokeWidth": 2,
    "type": "arrow",
    "width": 240,
    "x": 420,
    "y": 270,
  },
  {
    "backgroundColor": "#ffffff",
    "boundElements": null,
    "containerId": null,
    "fontFamily": 2,
    "fontSize": 12,
    "height": 16,
    "id": "elem_11",
    "roughness": 0,
    "strokeColor": "#6B7280",
    "text": "예",
    "textAlign": "center",
    "type": "text",
    "verticalAlign": "middle",
    "width": 40,
    "x": 520,
    "y": 293,
  },
  {
    "boundElements": null,
    "endBinding": {
      "elementId": "elem_7",
      "focus": 0,
      "gap": 4,
    },
    "height": 60,
    "id": "elem_12",
    "points": [
      [
        0,
        60,
      ],
      [
        240,
        0,
      ],
    ],
    "roughness": 0,
    "startBinding": {
      "elementId": "elem_5",
      "focus": 0,
      "gap": 4,
    },
    "strokeColor": "#6B7280",
    "strokeWidth": 2,
    "type": "arrow",
    "width": 240,
    "x": 660,
    "y": 270,
  },
]
`;

exports[`레이아웃 골든 스냅샷 > pyramid 출력 고정 1`] = `
[
  {
    "backgroundColor": "#10B981",
    "boundElements": [
      {
        "id": "elem_2",
        "type": "text",
      },
      {
        "id": "elem_9",
        "type": "arrow",
      },
    ],
    "height": 64,
    "id": "elem_1",
    "roughness": 0,
    "strokeColor": "#1F2937",
    "strokeWidth": 2,
    "type": "rectangle",
    "width": 140,
    "x": 330,
    "y": 80,
  },
  {
    "boundElements": null,
    "containerId": "elem_1",
    "fontFamily": 2,
    "fontSize": 16,
    "height": 20,
    "id": "elem_2",
    "roughness": 0,
    "strokeColor": "#F8FAFC",
    "text": "노드 1",
    "textAlign": "center",
    "type": "text",
    "verticalAlign": "middle",
    "width": 120,
    "x": 340,
    "y": 104,
  },
  {
    "backgroundColor": "#3B82F6",
    "boundElements": [
      {
        "id": "elem_4",
        "type": "text",
      },
      {
        "id": "elem_9",
        "type": "arrow",
      },
      {
        "id": "elem_10",
        "type": "arrow",
      },
    ],
    "height": 64,
    "id": "elem_3",
    "roughness": 0,
    "strokeColor": "#1F2937",
    "strokeWidth": 2,
    "type": "rectangle",
    "width": 230,
    "x": 285,
    "y": 156,
  },
  {
    "boundElements": null,
    "containerId": "elem_3",
    "fontFamily": 2,
    "fontSize": 16,
    "height": 20,
    "id": "elem_4",
    "roughness": 0,
    "strokeColor": "#F8FAFC",
    "text": "노드 2",
    "textAlign": "center",
    "type": "text",
    "verticalAlign": "middle",
    "width": 210,
    "x": 295,
    "y": 180,
  },
  {
    "backgroundColor": "#F59E0B",
    "boundElements": [
      {
        "id": "elem_6",
        "type": "text",
      },
      {
        "id": "elem_10",
        "type": "arrow",
      },
      {
        "id": "elem_12",
        "type": "arrow",
      },
    ],
    "height": 64,
    "id": "elem_5",
    "roughness": 0,
    "strokeColor": "#1F2937",
    "strokeWidth": 2,
    "type": "rectangle",
    "width": 320,
    "x": 240,
    "y": 232,
  },
  {
    "boundElements": null,
    "containerId": "elem_5",
    "fontFamily": 2,
    "fontSize": 16,
    "height": 20,
    "id": "elem_6",
    "roughness": 0,
    "strokeColor": "#F8FAFC",
    "text": "노드 3",
    "textAlign": "center",
    "type": "text",
    "verticalAlign": "middle",
    "width": 300,
    "x": 250,
    "y": 256,
  },
  {
    "backgroundColor": "#EF4444",
    "boundElements": [
      {
        "id": "elem_8",
        "type": "text",
      },
      {
        "id": "elem_12",
        "type": "arrow",
      },
    ],
    "height": 64,
    "id": "elem_7",
    "roughness": 0,
    "strokeColor": "#1F2937",
    "strokeWidth": 2,
    "type": "rectangle",
    "width": 410,
    "x": 195,
    "y": 308,
  },
  {
    "boundElements": null,
    "containerId": "elem_7",
    "fontFamily": 2,
    "fontSize": 16,
    "height": 20,
    "id": "elem_8",
    "roughness": 0,
    "strokeColor": "#F8FAFC",
    "text": "노드 4",
    "textAlign": "center",
    "type": "text",
    "verticalAlign": "middle",
    "width": 390,
    "x": 205,
    "y": 332,
  },
  {
    "boundElements": null,
    "endBinding": {
      "elementId": "elem_3",
      "focus": 0,
      "gap": 4,
    },
    "height": 12,
    "id": "elem_9",
    "points": [
      [
        0,
        0,
      ],
      [
        0,
        12,
      ],
    ],
    "roughness": 0,
    "startBinding": {
      "elementId": "elem_1",
      "focus": 0,
      "gap": 4,
    },
    "strokeColor": "#6B7280",
    "strokeWidth": 2,
    "type": "arrow",
    "width": 10,
    "x": 400,
    "y": 144,
  },
  {
    "boundElements": null,
    "endBinding": {
      "elementId": "elem_5",
      "focus": 0,
      "gap": 4,
    },
    "height": 12,
    "id": "elem_10",
    "points": [
      [
        0,
        0,
      ],
      [
        0,
        12,
      ],
    ],
    "roughness": 0,
    "startBinding": {
      "elementId": "elem_3",
      "focus": 0,
      "gap": 4,
    },
    "strokeColor": "#6B7280",
    "strokeWidth": 2,
    "type": "arrow",
    "width": 10,
    "x": 400,
    "y": 220,
  },
  {
    "backgroundColor": "#ffffff",
    "boundElements": null,
    "containerId": null,
    "fontFamily": 2,
    "fontSize": 12,
    "height": 16,
    "id": "elem_11",
    "roughness": 0,
    "strokeColor": "#6B7280",
    "text": "예",
    "textAlign": "center",
    "type": "text",
    "verticalAlign": "middle",
    "width": 40,
    "x": 380,
    "y": 219,
  },
  {
    "boundElements": null,
    "endBinding": {
      "elementId": "elem_7",
      "focus": 0,
      "gap": 4,
    },
    "height": 12,
    "id": "elem_12",
    "points": [
      [
        0,
        0,
      ],
      [
        0,
        12,
      ],
    ],
    "roughness": 0,
    "startBinding": {
      "elementId": "elem_5",
      "focus": 0,
      "gap": 4,
    },
    "strokeColor": "#6B7280",
    "strokeWidth": 2,
    "type": "arrow",
    "width": 10,
    "x": 400,
    "y": 296,
  },
]
`;

exports[`레이아웃 골든 스냅샷 > swimlane 출력 고정 1`] = `
[
  {
    "backgroundColor": "#10B981",
    "boundElements": [
      {
        "id": "elem_2",
        "type": "text",
      },
      {
        "id": "elem_9",
        "type": "arrow",
      },
    ],
    "height": 60,
    "id": "elem_1",
    "roughness": 0,
    "strokeColor": "#1F2937",
    "strokeWidth": 2,
    "type": "rectangle",
    "width": 160,
    "x": 100,
    "y": 80,
  },
  {
    "boundElements": null,
    "containerId": "elem_1",
    "fontFamily": 2,
    "fontSize": 16,
    "height": 20,
    "id": "elem_2",
    "roughness": 0,
    "strokeColor": "#F8FAFC",
    "text": "노드 1",
    "textAlign": "center",
    "type": "text",
    "verticalAlign": "middle",
    "width": 140,
    "x": 110,
    "y": 102,
  },
  {
    "backgroundColor": "#3B82F6",
    "boundElements": [
      {
        "id": "elem_4",
        "type": "text",
      },
      {
        "id": "elem_9",
        "type": "arrow",
      },
      {
        "id": "elem_10",
        "type": "arrow",
      },
    ],
    "height": 60,
    "id": "elem_3",
    "roughness": 0,
    "strokeColor": "#1F2937",
    "strokeWidth": 2,
    "type": "rectangle",
    "width": 160,
    "x": 100,
    "y": 200,
  },
  {
    "boundElements": null,
    "containerId": "elem_3",
    "fontFamily": 2,
    "fontSize": 16,
    "height": 20,
    "id": "elem_4",
    "roughness": 0,
    "strokeColor": "#F8FAFC",
    "text": "노드 2",
    "textAlign": "center",
    "type": "text",
    "verticalAlign": "middle",
    "width": 140,
    "x": 110,
    "y": 222,
  },
  {
    "backgroundColor": "#F59E0B",
    "boundElements": [
      {
        "id": "elem_6",
        "type": "text",
      },
      {
        "id": "elem_10",
        "type": "arrow",
      },
      {
        "id": "elem_12",
        "type": "arrow",
      },
    ],
    "height": 60,
    "id": "elem_5",
    "roughness": 0,
    "strokeColor": "#1F2937",
    "strokeWidth": 2,
    "type": "rectangle",
    "width": 160,
    "x": 100,
    "y": 320,
  },
  {
    "boundElements": null,
    "containerId": "elem_5",
    "fontFamily": 2,
    "fontSize": 16,
    "height": 20,
    "id": "elem_6",
    "roughness": 0,
    "strokeColor": "#F8FAFC",
    "text": "노드 3",
    "textAlign": "center",
    "type": "text",
    "verticalAlign": "middle",
    "width": 140,
    "x": 110,
    "y": 342,
  },
  {
    "backgroundColor": "#EF4444",
    "boundElements": [
      {
        "id": "elem_8",
        "type": "text",
      },
      {
        "id": "elem_12",
        "type": "arrow",
      },
    ],
    "height": 60,
    "id": "elem_7",
    "roughness": 0,
    "strokeColor": "#1F2937",
    "strokeWidth": 2,
    "type": "rectangle",
    "width": 160,
    "x": 100,
    "y": 440,
  },
  {
    "boundElements": null,
    "containerId": "elem_7",
    "fontFamily": 2,
    "fontSize": 16,
    "height": 20,
    "id": "elem_8",
    "roughness": 0,
    "strokeColor": "#F8FAFC",
    "text": "노드 4",
    "textAlign": "center",
    "type": "text",
    "verticalAlign": "middle",
    "width": 140,
    "x": 110,
    "y": 462,
  },
  {
    "boundElements": null,
    "endBinding": {
      "elementId": "elem_3",
      "focus": 0,
      "gap": 4,
    },
    "height": 60,
    "id": "elem_9",
    "points": [
      [
        0,
        0,
      ],
      [
        0,
        60,
      ],
    ],
    "roughness": 0,
    "startBinding": {
      "elementId": "elem_1",
      "focus": 0,
      "gap": 4,
    },
    "strokeColor": "#6B7280",
    "strokeWidth": 2,
    "type": "arrow",
    "width": 10,
    "x": 180,
    "y": 140,
  },
  {
    "boundElements": null,
    "endBinding": {
      "elementId": "elem_5",
      "focus": 0,
      "gap": 4,
    },
    "height": 60,
    "id": "elem_10",
    "points": [
      [
        0,
        0,
      ],
      [
        0,
        60,
      ],
    ],
    "roughness": 0,
    "startBinding": {
      "elementId": "elem_3",
      "focus": 0,
      "gap": 4,
    },
    "strokeColor": "#6B7280",
    "strokeWidth": 2,
    "type": "arrow",
    "width": 10,
    "x": 180,
    "y": 260,
  },
  {
    "backgroundColor": "#ffffff",
    "boundElements": null,
    "containerId": null,
    "fontFamily": 2,
    "fontSize": 12,
    "height": 16,
    "id": "elem_11",
    "roughness": 0,
    "strokeColor": "#6B7280",
    "text": "예",
    "textAlign": "center",
    "type": "text",
    "verticalAlign": "middle",
    "width": 40,
    "x": 160,
    "y": 283,
  },
  {
    "boundElements": null,
    "endBinding": {
      "elementId": "elem_7",
      "focus": 0,
      "gap": 4,
    },
    "height": 60,
    "id": "elem_12",
    "points": [
      [
        0,
        0,
      ],
      [
        0,
        60,
      ],
    ],
    "roughness": 0,
    "startBinding": {
      "elementId": "elem_5",
      "focus": 0,
      "gap": 4,
    },
    "strokeColor": "#6B7280",
    "strokeWidth": 2,
    "type": "arrow",
    "width": 10,
    "x": 180,
    "y": 380,
  },
]
`;

exports[`레이아웃 골든 스냅샷 > timeline 출력 고정 1`] = `
[
  {
    "backgroundColor": "#10B981",
    "boundElements": [
      {
        "id": "elem_2",
        "type": "text",
      },
      {
        "id": "elem_9",
        "type": "arrow",
      },
    ],
    "height": 60,
    "id": "elem_1",
    "roughness": 0,
    "strokeColor": "#1F2937",
    "strokeWidth": 2,
    "type": "rectangle",
    "width": 160,
    "x": 100,
    "y": 150,
  },
  {
    "boundElements": null,
    "containerId": "elem_1",
    "fontFamily": 2,
    "fontSize": 16,
    "height": 20,
    "id": "elem_2",
    "roughness": 0,
    "strokeColor": "#F8FAFC",
    "text": "노드 1",
    "textAlign": "center",
    "type": "text",
    "verticalAlign": "middle",
    "width": 140,
    "x": 110,
    "y": 172,
  },
  {
    "backgroundColor": "#3B82F6",
    "boundElements": [
      {
        "id": "elem_4",
        "type": "text",
      },
      {
        "id": "elem_9",
        "type": "arrow",
      },
      {
        "id": "elem_10",
        "type": "arrow",
      },
    ],
    "height": 60,
    "id": "elem_3",
    "roughness": 0,
    "strokeColor": "#1F2937",
    "strokeWidth": 2,
    "type": "rectangle",
    "width": 160,
    "x": 340,
    "y": 350,
  },
  {
    "boundElements": null,
    "containerId": "elem_3",
    "fontFamily": 2,
    "fontSize": 16,
    "height": 20,
    "id": "elem_4",
    "roughness": 0,
    "strokeColor": "#F8FAFC",
    "text": "노드 2",
    "textAlign": "center",
    "type": "text",
    "verticalAlign": "middle",
    "width": 140,
    "x": 350,
    "y": 372,
  },
  {
    "backgroundColor": "#F59E0B",
    "boundElements": [
      {
        "id": "elem_6",
        "type": "text",
      },
      {
        "id": "elem_10",
        "type": "arrow",
      },
      {
        "id": "elem_12",
        "type": "arrow",
      },
    ],
    "height": 60,
    "id": "elem_5",
    "roughness": 0,
    "strokeColor": "#1F2937",
    "strokeWidth": 2,
    "type": "rectangle",
    "width": 160,
    "x": 580,
    "y": 150,
  },
  {
    "boundElements": null,
    "containerId": "elem_5",
    "fontFamily": 2,
    "fontSize": 16,
    "height": 20,
    "id": "elem_6",
    "roughness": 0,
    "strokeColor": "#F8FAFC",
    "text": "노드 3",
    "textAlign": "center",
    "type": "text",
    "verticalAlign": "middle",
    "width": 140,
    "x": 590,
    "y": 172,
  },
  {
    "backgroundColor": "#EF4444",
    "boundElements": [
      {
        "id": "elem_8",
        "type": "text",
      },
      {
        "id": "elem_12",
        "type": "arrow",
      },
    ],
    "height": 60,
    "id": "elem_7",
    "roughness": 0,
    "strokeColor": "#1F2937",
    "strokeWidth": 2,
    "type": "rectangle",
    "width": 160,
    "x": 820,
    "y": 350,
  },
  {
    "boundElements": null,
    "containerId": "elem_7",
    "fontFamily": 2,
    "fontSize": 16,
    "height": 20,
    "id": "elem_8",
    "roughness": 0,
    "strokeColor": "#F8FAFC",
    "text": "노드 4",
    "textAlign": "center",
    "type": "text",
    "verticalAlign": "middle",
    "width": 140,
    "x": 830,
    "y": 372,
  },
  {
    "boundElements": null,
    "endBinding": {
      "elementId": "elem_3",
      "focus": 0,
      "gap": 4,
    },
    "height": 140,
    "id": "elem_9",
    "points": [
      [
        0,
        0,
      ],
      [
        240,
        140,
      ],
    ],
    "roughness": 0,
    "startBinding": {
      "elementId": "elem_1",
      "focus": 0,
      "gap": 4,
    },
    "strokeColor": "#6B7280",
    "strokeWidth": 2,
    "type": "arrow",
    "width": 240,
    "x": 180,
    "y": 210,
  },
  {
    "boundElements": null,
    "endBinding": {
      "elementId": "elem_5",
      "focus": 0,
      "gap": 4,
    },
    "height": 260,
    "id": "elem_10",
    "points": [
      [
        0,
        260,
      ],
      [
        240,
        0,
      ],
    ],
    "roughness": 0,
    "startBinding": {
      "elementId": "elem_3",
      "focus": 0,
      "gap": 4,
    },
    "strokeColor": "#6B7280",
    "strokeWidth": 2,
    "type": "arrow",
    "width": 240,
    "x": 420,
    "y": 150,
  },
  {
    "backgroundColor": "#ffffff",
    "boundElements": null,
    "containerId": null,
    "fontFamily": 2,
    "fontSize": 12,
    "height": 16,
    "id": "elem_11",
    "roughness": 0,
    "strokeColor": "#6B7280",
    "text": "예",
    "textAlign": "center",
    "type": "text",
    "verticalAlign": "middle",
    "width": 40,
    "x": 520,
    "y": 273,
  },
  {
    "boundElements": null,
    "endBinding": {
      "elementId": "elem_7",
      "focus": 0,
      "gap": 4,
    },
    "height": 140,
    "id": "elem_12",
    "points": [
      [
        0,
        0,
      ],
      [
        240,
        140,
      ],
    ],
    "roughness": 0,
    "startBinding": {
      "elementId": "elem_5",
      "focus": 0,
      "gap": 4,
    },
    "strokeColor": "#6B7280",
    "strokeWidth": 2,
    "type": "arrow",
    "width": 240,
    "x": 660,
    "y": 210,
  },
]
`;

exports[`레이아웃 골든 스냅샷 > venn 출력 고정 1`] = `
[
  {
    "backgroundColor": "#93C5FD",
    "boundElements": [
      {
        "id": "elem_2",
        "type": "text",
      },
      {
        "id": "elem_9",
        "type": "arrow",
      },
    ],
    "height": 220,
    "id": "elem_1",
    "roughness": 0,
    "strokeColor": "#1F2937",
    "strokeWidth": 2,
    "type": "ellipse",
    "width": 220,
    "x": 218.5,
    "y": 80,
  },
  {
    "boundElements": null,
    "containerId": "elem_1",
    "fontFamily": 2,
    "fontSize": 16,
    "height": 20,
    "id": "elem_2",
    "roughness": 0,
    "strokeColor": "#1F2937",
    "text": "노드 1",
    "textAlign": "center",
    "type": "text",
    "verticalAlign": "middle",
    "width": 200,
    "x": 228.5,
    "y": 182,
  },
  {
    "backgroundColor": "#FCA5A5",
    "boundElements": [
      {
        "id": "elem_4",
        "type": "text",
      },
      {
        "id": "elem_9",
        "type": "arrow",
      },
      {
        "id": "elem_10",
        "type": "arrow",
      },
    ],
    "height": 220,
    "id": "elem_3",
    "roughness": 0,
    "strokeColor": "#1F2937",
    "strokeWidth": 2,
    "type": "ellipse",
    "width": 220,
    "x": 361.5,
    "y": 80,
  },
  {
    "boundElements": null,
    "containerId": "elem_3",
    "fontFamily": 2,
    "fontSize": 16,
    "height": 20,
    "id": "elem_4",
    "roughness": 0,
    "strokeColor": "#1F2937",
    "text": "노드 2",
    "textAlign": "center",
    "type": "text",
    "verticalAlign": "middle",
    "width": 200,
    "x": 371.5,
    "y": 182,
  },
  {
    "backgroundColor": "#86EFAC",
    "boundElements": [
      {
        "id": "elem_6",
        "type": "text",
      },
      {
        "id": "elem_10",
        "type": "arrow",
      },
      {
        "id": "elem_12",
        "type": "arrow",
      },
    ],
    "height": 220,
    "id": "elem_5",
    "roughness": 0,
    "strokeColor": "#1F2937",
    "strokeWidth": 2,
    "type": "ellipse",
    "width": 220,
    "x": 290,
    "y": 223,
  },
  {
    "boundElements": null,
    "containerId": "elem_5",
    "fontFamily": 2,
    "fontSize": 16,
    "height": 20,
    "id": "elem_6",
    "roughness": 0,
    "strokeColor": "#1F2937",
    "text": "노드 3",
    "textAlign": "center",
    "type": "text",
    "verticalAlign": "middle",
    "width": 200,
    "x": 300,
    "y": 325,
  },
  {
    "backgroundColor": "#E5E7EB",
    "boundElements": [
      {
        "id": "elem_8",
        "type": "text",
      },
      {
        "id": "elem_12",
        "type": "arrow",
      },
    ],
    "height": 60,
    "id": "elem_7",
    "roughness": 0,
    "strokeColor": "#1F2937",
    "strokeWidth": 2,
    "type": "rectangle",
    "width": 160,
    "x": 120,
    "y": 520,
  },
  {
    "boundElements": null,
    "containerId": "elem_7",
    "fontFamily": 2,
    "fontSize": 16,
    "height": 20,
    "id": "elem_8",
    "roughness": 0,
    "strokeColor": "#1F2937",
    "text": "노드 4",
    "textAlign": "center",
    "type": "text",
    "verticalAlign": "middle",
    "width": 140,
    "x": 130,
    "y": 542,
  },
  {
    "boundElements": null,
    "endBinding": {
      "elementId": "elem_3",
      "focus": 0,
      "gap": 4,
    },
    "height": 220,
    "id": "elem_9",
    "points": [
      [
        0,
        220,
      ],
      [
        143,
        0,
      ],
    ],
    "roughness": 0,
    "startBinding": {
      "elementId": "elem_1",
      "focus": 0,
      "gap": 4,
    },
    "strokeColor": "#6B7280",
    "strokeWidth": 2,
    "type": "arrow",
    "width": 143,
    "x": 328.5,
    "y": 80,
  },
  {
    "boundElements": null,
    "endBinding": {
      "elementId": "elem_5",
      "focus": 0,
      "gap": 4,
    },
    "height": 77,
    "id": "elem_10",
    "points": [
      [
        71.5,
        77,
      ],
      [
        0,
        0,
      ],
    ],
    "roughness": 0,
    "startBinding": {
      "elementId": "elem_3",
      "focus": 0,
      "gap": 4,
    },
    "strokeColor": "#6B7280",
    "strokeWidth": 2,
    "type": "arrow",
    "width": 71.5,
    "x": 400,
    "y": 223,
  },
  {
    "backgroundColor": "#ffffff",
    "boundElements": null,
    "containerId": null,
    "fontFamily": 2,
    "fontSize": 12,
    "height": 16,
    "id": "elem_11",
    "roughness": 0,
    "strokeColor": "#6B7280",
    "text": "예",
    "textAlign": "center",
    "type": "text",
    "verticalAlign": "middle",
    "width": 40,
    "x": 415.75,
    "y": 254.5,
  },
  {
    "boundElements": null,
    "endBinding": {
      "elementId": "elem_7",
      "focus": 0,
      "gap": 4,
    },
    "height": 77,
    "id": "elem_12",
    "points": [
      [
        200,
        0,
      ],
      [
        0,
        77,
      ],
    ],
    "roughness": 0,
    "startBinding": {
      "elementId": "elem_5",
      "focus": 0,
      "gap": 4,
    },
    "strokeColor": "#6B7280",
    "strokeWidth": 2,
    "type": "arrow",
    "width": 200,
    "x": 200,
    "y": 443,
  },
]
`;

exports[`레이아웃 골든 스냅샷 > 분기+사이클 플로우차트 출력 고정 1`] = `
[
  {
    "backgroundColor": "#10B981",
    "boundElements": [
      {
        "id": "elem_2",
        "type": "text",
      },
      {
        "id": "elem_11",
        "type": "arrow",
      },
    ],
    "height": 60,
    "id": "elem_1",
    "roughness": 0,
    "strokeColor": "#1F2937",
    "strokeWidth": 2,
    "type": "rectangle",
    "width": 160,
    "x": 400,
    "y": 80,
  },
  {
    "boundElements": null,
    "containerId": "elem_1",
    "fontFamily": 2,
    "fontSize": 16,
    "height": 20,
    "id": "elem_2",
    "roughness": 0,
    "strokeColor": "#F8FAFC",
    "text": "A",
    "textAlign": "center",
    "type": "text",
    "verticalAlign": "middle",
    "width": 140,
    "x": 410,
    "y": 102,
  },
  {
    "backgroundColor": "#F59E0B",
    "boundElements": [
      {
        "id": "elem_4",
        "type": "text",
      },
      {
        "id": "elem_11",
        "type": "arrow",
      },
      {
        "id": "elem_12",
        "type": "arrow",
      },
      {
        "id": "elem_14",
        "type": "arrow",
      },
      {
        "id": "elem_17",
        "type": "arrow",
      },
    ],
    "height": 60,
    "id": "elem_3",
    "roughness": 0,
    "strokeColor": "#1F2937",
    "strokeWidth": 2,
    "type": "rectangle",
    "width": 160,
    "x": 40,
    "y": 200,
  },
  {
    "boundElements": null,
    "containerId": "elem_3",
    "fontFamily": 2,
    "fontSize": 16,
    "height": 20,
    "id": "elem_4",
    "roughness": 0,
    "strokeColor": "#F8FAFC",
    "text": "B",
    "textAlign": "center",
    "type": "text",
    "verticalAlign": "middle",
    "width": 140,
    "x": 50,
    "y": 222,
  },
  {
    "backgroundColor": "#3B82F6",
    "boundElements": [
      {
        "id": "elem_6",
        "type": "text",
      },
      {
        "id": "elem_12",
        "type": "arrow",
      },
      {
        "id": "elem_16",
        "type": "arrow",
      },
    ],
    "height": 60,
    "id": "elem_5",
    "roughness": 0,
    "strokeColor": "#1F2937",
    "strokeWidth": 2,
    "type": "rectangle",
    "width": 160,
    "x": 280,
    "y": 200,
  },
  {
    "boundElements": null,
    "containerId": "elem_5",
    "fontFamily": 2,
    "fontSize": 16,
    "height": 20,
    "id": "elem_6",
    "roughness": 0,
    "strokeColor": "#F8FAFC",
    "text": "C",
    "textAlign": "center",
    "type": "text",
    "verticalAlign": "middle",
    "width": 140,
    "x": 290,
    "y": 222,
  },
  {
    "backgroundColor": "#3B82F6",
    "boundElements": [
      {
        "id": "elem_8",
        "type": "text",
      },
      {
        "id": "elem_14",
        "type": "arrow",
      },
      {
        "id": "elem_17",
        "type": "arrow",
      },
    ],
    "height": 60,
    "id": "elem_7",
    "roughness": 0,
    "strokeColor": "#1F2937",
    "strokeWidth": 2,
    "type": "rectangle",
    "width": 160,
    "x": 520,
    "y": 200,
  },
  {
    "boundElements": null,
    "containerId": "elem_7",
    "fontFamily": 2,
    "fontSize": 16,
    "height": 20,
    "id": "elem_8",
    "roughness": 0,
    "strokeColor": "#F8FAFC",
    "text": "D",
    "textAlign": "center",
    "type": "text",
    "verticalAlign": "middle",
    "width": 140,
    "x": 530,
    "y": 222,
  },
  {
    "backgroundColor": "#EF4444",
    "boundElements": [
      {
        "id": "elem_10",
        "type": "text",
      },
      {
        "id": "elem_16",
        "type": "arrow",
      },
    ],
    "height": 60,
    "id": "elem_9",
    "roughness": 0,
    "strokeColor": "#1F2937",
    "strokeWidth": 2,
    "type": "rectangle",
    "width": 160,
    "x": 760,
    "y": 200,
  },
  {
    "boundElements": null,
    "containerId": "elem_9",
    "fontFamily": 2,
    "fontSize": 16,
    "height": 20,
    "id": "elem_10",
    "roughness": 0,
    "strokeColor": "#F8FAFC",
    "text": "E",
    "textAlign": "center",
    "type": "text",
    "verticalAlign": "middle",
    "width": 140,
    "x": 770,
    "y": 222,
  },
  {
    "boundElements": null,
    "endBinding": {
      "elementId": "elem_3",
      "focus": 0,
      "gap": 4,
    },
    "height": 60,
    "id": "elem_11",
    "points": [
      [
        360,
        0,
      ],
      [
        0,
        60,
      ],
    ],
    "roughness": 0,
    "startBinding": {
      "elementId": "elem_1",
      "focus": 0,
      "gap": 4,
    },
    "strokeColor": "#6B7280",
    "strokeWidth": 2,
    "type": "arrow",
    "width": 360,
    "x": 120,
    "y": 140,
  },
  {
    "boundElements": null,
    "endBinding": {
      "elementId": "elem_5",
      "focus": 0,
      "gap": 4,
    },
    "height": 60,
    "id": "elem_12",
    "points": [
      [
        0,
        60,
      ],
      [
        240,
        0,
      ],
    ],
    "roughness": 0,
    "startBinding": {
      "elementId": "elem_3",
      "focus": 0,
      "gap": 4,
    },
    "strokeColor": "#6B7280",
    "strokeWidth": 2,
    "type": "arrow",
    "width": 240,
    "x": 120,
    "y": 200,
  },
  {
    "backgroundColor": "#ffffff",
    "boundElements": null,
    "containerId": null,
    "fontFamily": 2,
    "fontSize": 12,
    "height": 16,
    "id": "elem_13",
    "roughness": 0,
    "strokeColor": "#6B7280",
    "text": "예",
    "textAlign": "center",
    "type": "text",
    "verticalAlign": "middle",
    "width": 40,
    "x": 220,
    "y": 223,
  },
  {
    "boundElements": null,
    "endBinding": {
      "elementId": "elem_7",
      "focus": 0,
      "gap": 4,
    },
    "height": 60,
    "id": "elem_14",
    "points": [
      [
        0,
        60,
      ],
      [
        480,
        0,
      ],
    ],
    "roughness": 0,
    "startBinding": {
      "elementId": "elem_3",
      "focus": 0,
      "gap": 4,
    },
    "strokeColor": "#6B7280",
    "strokeWidth": 2,
    "type": "arrow",
    "width": 480,
    "x": 120,
    "y": 200,
  },
  {
    "backgroundColor": "#ffffff",
    "boundElements": null,
    "containerId": null,
    "fontFamily": 2,
    "fontSize": 12,
    "height": 16,
    "id": "elem_15",
    "roughness": 0,
    "strokeColor": "#6B7280",
    "text": "아니오",
    "textAlign": "center",
    "type": "text",
    "verticalAlign": "middle",
    "width": 40,
    "x": 340,
    "y": 223,
  },
  {
    "boundElements": null,
    "endBinding": {
      "elementId": "elem_9",
      "focus": 0,
      "gap": 4,
    },
    "height": 60,
    "id": "elem_16",
    "points": [
      [
        0,
        60,
      ],
      [
        480,
        0,
      ],
    ],
    "roughness": 0,
    "startBinding": {
      "elementId": "elem_5",
      "focus": 0,
      "gap": 4,
    },
    "strokeColor": "#6B7280",
    "strokeWidth": 2,
    "type": "arrow",
    "width": 480,
    "x": 360,
    "y": 200,
  },
  {
    "boundElements": null,
    "endBinding": {
      "elementId": "elem_3",
      "focus": 0,
      "gap": 4,
    },
    "height": 60,
    "id": "elem_17",
    "points": [
      [
        480,
        60,
      ],
      [
        0,
        0,
      ],
    ],
    "roughness": 0,
    "startBinding": {
      "elementId": "elem_7",
      "focus": 0,
      "gap": 4,
    },
    "strokeColor": "#6B7280",
    "strokeWidth": 2,
    "type": "arrow",
    "width": 480,
    "x": 120,
    "y": 200,
  },
  {
    "backgroundColor": "#ffffff",
    "boundElements": null,
    "containerId": null,
    "fontFamily": 2,
    "fontSize": 12,
    "height": 16,
    "id": "elem_18",
    "roughness": 0,
    "strokeColor": "#6B7280",
    "text": "재시도",
    "textAlign": "center",
    "type": "text",
    "verticalAlign": "middle",
    "width": 40,
    "x": 340,
    "y": 223,
  },
]
`;
